node : (node:27976) [MODUL
E_TYPELESS_PACKAGE_JSON] 
Warning: Module type of fi
le:///C:/Users/Sanjay%20V/
OneDrive/Documents/truth_g
uard/lib/gemini.js is not 
specified and it doesn't 
parse as CommonJS.
At line:1 char:1
+ node --env-file=.env 
tmp_test.mjs > 
test_output.txt 2>&1
+ ~~~~~~~~~~~~~~~~~~~~~~~~
~~~~~~~~~~~~~~~~~~~~~~~~~~
~~~~~~
    + CategoryInfo        
      : NotSpecified: ((  
  node:27976) [M...se a   
 s CommonJS.:String) [    
], RemoteException
    + FullyQualifiedError 
   Id : NativeCommandErr  
  or
 
Reparsing as ES module 
because module syntax was 
detected. This incurs a 
performance overhead.
To eliminate this 
warning, add "type": 
"module" to 
C:\Users\Sanjay V\OneDrive
\Documents\truth_guard\pac
kage.json.
(Use `node 
--trace-warnings ...` to 
show where the warning 
was created)
Gemini API Error (404): {
  "error": {
    "code": 404,
    "message": 
"models/gemini-1.5-flash 
is not found for API 
version v1beta, or is not 
supported for 
generateContent. Call 
ListModels to see the 
list of available models 
and their supported 
methods.",
    "status": "NOT_FOUND"
  }
}

Error calling Gemini API: 
Error: Gemini API failed: 
404 Not Found
    at getGeminiResponse (
file:///C:/Users/Sanjay%20
V/OneDrive/Documents/truth
_guard/lib/gemini.js:33:13
)
    at process.processTick
sAndRejections (node:inter
nal/process/task_queues:10
4:5)
    at async file:///C:/Us
ers/Sanjay%20V/OneDrive/Do
cuments/truth_guard/tmp_te
st.mjs:3:15
API ERROR: Error: Gemini 
API failed: 404 Not Found
    at getGeminiResponse (
file:///C:/Users/Sanjay%20
V/OneDrive/Documents/truth
_guard/lib/gemini.js:33:13
)
    at process.processTick
sAndRejections (node:inter
nal/process/task_queues:10
4:5)
    at async file:///C:/Us
ers/Sanjay%20V/OneDrive/Do
cuments/truth_guard/tmp_te
st.mjs:3:15
